15:59:55 [http-nio-8080-exec-1] WARN  ua.od.wind.service.UserService - Data:eyJwYXltZW50X2lkIjoyMDMxOTY5NTU0LCJhY3Rpb24iOiJwYXkiLCJzdGF0dXMiOiJzYW5kYm94IiwidmVyc2lvbiI6MywidHlwZSI6ImJ1eSIsInBheXR5cGUiOiJjYXJkIiwicHVibGljX2tleSI6ImkxNDU0MzE1MjE4OCIsImFjcV9pZCI6NDE0OTYzLCJvcmRlcl9pZCI6IjYyZDE0NjllY2Q2ODktMjAyMiIsImxpcXBheV9vcmRlcl9pZCI6IlE2MllKVTNKMTY1Nzg4MjI5MDI3MTY0MCIsImRlc2NyaXB0aW9uIjoiU3Vic2NyaWJlIGZvciBiIGlkPTYyZDE0NjllY2Q2ODktMjAyMiIsInNlbmRlcl9waG9uZSI6IjM4MDkzNTUxODQ2NCIsInNlbmRlcl9maXJzdF9uYW1lIjoi0JjQstCw0L0iLCJzZW5kZXJfbGFzdF9uYW1lIjoi0KLQuNGJ0LXQvdC60L4iLCJzZW5kZXJfY2FyZF9tYXNrMiI6IjQxNDk0Myo0NiIsInNlbmRlcl9jYXJkX2JhbmsiOiJwYiIsInNlbmRlcl9jYXJkX3R5cGUiOiJ2aXNhIiwic2VuZGVyX2NhcmRfY291bnRyeSI6ODA0LCJpcCI6IjkzLjE4Ni4xNC44IiwiYW1vdW50Ijo2MDEuMCwiY3VycmVuY3kiOiJVQUgiLCJzZW5kZXJfY29tbWlzc2lvbiI6MC4wLCJyZWNlaXZlcl9jb21taXNzaW9uIjozLjYxLCJhZ2VudF9jb21taXNzaW9uIjowLjAsImFtb3VudF9kZWJpdCI6NjAxLjAsImFtb3VudF9jcmVkaXQiOjYwMS4wLCJjb21taXNzaW9uX2RlYml0IjowLjAsImNvbW1pc3Npb25fY3JlZGl0IjozLjYxLCJjdXJyZW5jeV9kZWJpdCI6IlVBSCIsImN1cnJlbmN5X2NyZWRpdCI6IlVBSCIsInNlbmRlcl9ib251cyI6MC4wLCJhbW91bnRfYm9udXMiOjAuMCwibXBpX2VjaSI6IjciLCJpc18zZHMiOmZhbHNlLCJsYW5ndWFnZSI6InJ1IiwiY3JlYXRlX2RhdGUiOjE2NTc4ODIyOTAyNzIsImVuZF9kYXRlIjoxNjU3ODgyMjkwMjk4LCJ0cmFuc2FjdGlvbl9pZCI6MjAzMTk2OTU1NH0=
15:59:55 [http-nio-8080-exec-1] WARN  ua.od.wind.service.UserService - Signature:ZQrS8JAjXrNFFTpSQE31Q0WGp6I=
15:59:55 [http-nio-8080-exec-1] WARN  ua.od.wind.service.UserService - 62d1469ecd689-2022 payment confirmed
